<html>
<body>
<pre>
<h1>µVision Build Log</h1>
<h2>Project:</h2>
D:\work\ut.6.03x\Lab15_SpaceInvaders\Lab15_SpaceInvaders.uvproj
Project File Date:  07/14/2016

<h2>Output:</h2>
Rebuild target 'Lab15'
assembling startup.s...
compiling Nokia5110.c...
assembling random.s...
compiling TExaS.c...
compiling ADC.c...
compiling Animation.c...
compiling DAC.c...
compiling Images.c...
compiling Tick.c...
compiling main.c...
linking...
Program Size: Code=6412 RO-data=22864 RW-data=108 ZI-data=2188  
".\Lab15.axf" - 0 Error(s), 0 Warning(s).
</pre>
</body>
</html>
