ARM Linker, 5.03 [Build 76] [MDK-ARM Lite]

==============================================================================

Section Cross References

    startup.o(STACK) refers (Special) to heapauxi.o(.text) for __use_two_region_memory
    startup.o(HEAP) refers (Special) to heapauxi.o(.text) for __use_two_region_memory
    startup.o(RESET) refers (Special) to heapauxi.o(.text) for __use_two_region_memory
    startup.o(RESET) refers to startup.o(STACK) for StackMem
    startup.o(RESET) refers to main.o(i.SysTick_Handler) for SysTick_Handler
    startup.o(RESET) refers to main.o(i.Timer2A_Handler) for Timer2A_Handler
    startup.o(RESET) refers to texas.o(i.Timer4A_Handler) for Timer4A_Handler
    startup.o(RESET) refers to texas.o(i.Timer5A_Handler) for Timer5A_Handler
    startup.o(RESET) refers to __main.o(!!!main) for __main
    startup.o(.text) refers (Special) to heapauxi.o(.text) for __use_two_region_memory
    startup.o(.text) refers to startup.o(HEAP) for HeapMem
    startup.o(.text) refers to startup.o(STACK) for StackMem
    nokia5110.o(i.Nokia5110_Clear) refers to nokia5110.o(i.lcdwrite) for lcdwrite
    nokia5110.o(i.Nokia5110_Clear) refers to nokia5110.o(i.Nokia5110_SetCursor) for Nokia5110_SetCursor
    nokia5110.o(i.Nokia5110_ClearBuffer) refers to nokia5110.o(.bss) for Screen
    nokia5110.o(i.Nokia5110_DisplayBuffer) refers to nokia5110.o(i.Nokia5110_DrawFullImage) for Nokia5110_DrawFullImage
    nokia5110.o(i.Nokia5110_DisplayBuffer) refers to nokia5110.o(.bss) for Screen
    nokia5110.o(i.Nokia5110_DrawFullImage) refers to nokia5110.o(i.Nokia5110_SetCursor) for Nokia5110_SetCursor
    nokia5110.o(i.Nokia5110_DrawFullImage) refers to nokia5110.o(i.lcdwrite) for lcdwrite
    nokia5110.o(i.Nokia5110_Init) refers to nokia5110.o(i.lcdwrite) for lcdwrite
    nokia5110.o(i.Nokia5110_OutChar) refers to nokia5110.o(i.lcdwrite) for lcdwrite
    nokia5110.o(i.Nokia5110_OutChar) refers to nokia5110.o(.constdata) for ASCII
    nokia5110.o(i.Nokia5110_OutString) refers to nokia5110.o(i.Nokia5110_OutChar) for Nokia5110_OutChar
    nokia5110.o(i.Nokia5110_OutUDec) refers to nokia5110.o(i.Nokia5110_OutString) for Nokia5110_OutString
    nokia5110.o(i.Nokia5110_OutUDec) refers to nokia5110.o(i.Nokia5110_OutChar) for Nokia5110_OutChar
    nokia5110.o(i.Nokia5110_PrintBMP) refers to nokia5110.o(.bss) for Screen
    nokia5110.o(i.Nokia5110_SetCursor) refers to nokia5110.o(i.lcdwrite) for lcdwrite
    random.o(.text) refers to random.o(DATA) for M
    texas.o(i.SetCode) refers to texas.o(.bss) for TExaS
    texas.o(i.SetCourse) refers to texas.o(.bss) for TExaS
    texas.o(i.SetMode) refers to texas.o(.bss) for TExaS
    texas.o(i.StartTimer4) refers to texas.o(.data) for ScopeCount
    texas.o(i.TExaS_Init) refers to texas.o(i.PLL_Init) for PLL_Init
    texas.o(i.TExaS_Init) refers to texas.o(i.SetCourse) for SetCourse
    texas.o(i.TExaS_Init) refers to texas.o(i.UART0_Init) for UART0_Init
    texas.o(i.TExaS_Init) refers to texas.o(i.SetCode) for SetCode
    texas.o(i.TExaS_Init) refers to texas.o(i.ADC1_Init) for ADC1_Init
    texas.o(i.TExaS_Init) refers to texas.o(.constdata) for IntroMsg
    texas.o(i.TExaS_Init) refers to texas.o(.bss) for TExaS
    texas.o(i.TExaS_Init) refers to texas.o(.data) for LastMode
    texas.o(i.Timer5A_Handler) refers to texas.o(i.ADC1_In) for ADC1_In
    texas.o(i.Timer5A_Handler) refers to texas.o(.data) for TExaS_Period
    animation.o(i.Bunker_Init) refers to nokia5110.o(i.Nokia5110_PrintBMP) for Nokia5110_PrintBMP
    animation.o(i.Bunker_Init) refers to images.o(.constdata) for PlayerShip0
    animation.o(i.Bunker_Init) refers to main.o(.bss) for Bunker
    animation.o(i.Bunker_Init) refers to animation.o(.data) for BunkerFrame
    animation.o(i.Enemy_Init) refers to nokia5110.o(i.Nokia5110_PrintBMP) for Nokia5110_PrintBMP
    animation.o(i.Enemy_Init) refers to animation.o(.data) for EnemyFrame
    animation.o(i.Enemy_Init) refers to images.o(.constdata) for SmallEnemy20PointA
    animation.o(i.Enemy_Init) refers to main.o(.bss) for Enemy
    animation.o(i.Laser_Init) refers to main.o(.bss) for Laser
    animation.o(i.Missile_Init) refers to main.o(.bss) for Missile
    animation.o(i.Missiles_And_Lasers) refers to nokia5110.o(i.Nokia5110_PrintBMP) for Nokia5110_PrintBMP
    animation.o(i.Missiles_And_Lasers) refers to nokia5110.o(i.Nokia5110_DisplayBuffer) for Nokia5110_DisplayBuffer
    animation.o(i.Missiles_And_Lasers) refers to random.o(.text) for Random
    animation.o(i.Missiles_And_Lasers) refers to tick.o(i.Delay) for Delay
    animation.o(i.Missiles_And_Lasers) refers to main.o(.bss) for Missile
    animation.o(i.Missiles_And_Lasers) refers to images.o(.constdata) for Missile2
    animation.o(i.Missiles_And_Lasers) refers to animation.o(.data) for MissileStyle
    animation.o(i.Ship_Init) refers to nokia5110.o(i.Nokia5110_PrintBMP) for Nokia5110_PrintBMP
    animation.o(i.Ship_Init) refers to images.o(.constdata) for PlayerShip0
    animation.o(i.Ship_Init) refers to main.o(.bss) for Ship
    animation.o(i.Ship_Init) refers to animation.o(.data) for ShipFrame
    animation.o(.data) refers to images.o(.constdata) for SmallEnemy30PointA
    dac.o(i.DAC_Explosion) refers to dac.o(i.DAC_Out) for DAC_Out
    dac.o(i.DAC_Explosion) refers to dac.o(.data) for DACIndex
    dac.o(i.DAC_Explosion) refers to dac.o(.constdata) for explosion
    dac.o(i.DAC_Fastinvader1) refers to dac.o(i.DAC_Out) for DAC_Out
    dac.o(i.DAC_Fastinvader1) refers to dac.o(.data) for DACIndex
    dac.o(i.DAC_Fastinvader1) refers to dac.o(.constdata) for fastinvader1
    dac.o(i.DAC_Fastinvader2) refers to dac.o(i.DAC_Out) for DAC_Out
    dac.o(i.DAC_Fastinvader2) refers to dac.o(.data) for DACIndex
    dac.o(i.DAC_Fastinvader2) refers to dac.o(.constdata) for fastinvader2
    dac.o(i.DAC_Fastinvader3) refers to dac.o(i.DAC_Out) for DAC_Out
    dac.o(i.DAC_Fastinvader3) refers to dac.o(.data) for DACIndex
    dac.o(i.DAC_Fastinvader3) refers to dac.o(.constdata) for fastinvader3
    dac.o(i.DAC_Fastinvader4) refers to dac.o(i.DAC_Out) for DAC_Out
    dac.o(i.DAC_Fastinvader4) refers to dac.o(.data) for DACIndex
    dac.o(i.DAC_Fastinvader4) refers to dac.o(.constdata) for fastinvader4
    dac.o(i.DAC_Highpitch) refers to dac.o(i.DAC_Out) for DAC_Out
    dac.o(i.DAC_Highpitch) refers to dac.o(.data) for DACIndex
    dac.o(i.DAC_Highpitch) refers to dac.o(.constdata) for highpitch
    dac.o(i.DAC_Invaderkilled) refers to dac.o(i.DAC_Out) for DAC_Out
    dac.o(i.DAC_Invaderkilled) refers to dac.o(.data) for DACIndex
    dac.o(i.DAC_Invaderkilled) refers to dac.o(.constdata) for invaderkilled
    dac.o(i.DAC_Shoot) refers to dac.o(i.DAC_Out) for DAC_Out
    dac.o(i.DAC_Shoot) refers to dac.o(.data) for DACIndex
    dac.o(i.DAC_Shoot) refers to dac.o(.constdata) for shoot
    dac.o(i.DAC_Smallexplosion) refers to dac.o(i.DAC_Out) for DAC_Out
    dac.o(i.DAC_Smallexplosion) refers to dac.o(.data) for DACIndex
    dac.o(i.DAC_Smallexplosion) refers to dac.o(.constdata) for smallexplosion
    main.o(i.NoEnemy) refers to main.o(.bss) for Enemy
    main.o(i.NoEnemy) refers to animation.o(.constdata) for ENEMYNUMBER
    main.o(i.SysTick_Handler) refers to adc.o(i.ADC0_In) for ADC0_In
    main.o(i.SysTick_Handler) refers to nokia5110.o(i.Nokia5110_PrintBMP) for Nokia5110_PrintBMP
    main.o(i.SysTick_Handler) refers to nokia5110.o(i.Nokia5110_DisplayBuffer) for Nokia5110_DisplayBuffer
    main.o(i.SysTick_Handler) refers to random.o(.text) for Random
    main.o(i.SysTick_Handler) refers to main.o(.data) for ADCData
    main.o(i.SysTick_Handler) refers to main.o(.bss) for Ship
    main.o(i.SysTick_Handler) refers to images.o(.constdata) for PlayerShip0
    main.o(i.SysTick_Handler) refers to animation.o(.data) for ShipFrame
    main.o(i.SysTick_Handler) refers to animation.o(.constdata) for ENEMYNUMBER
    main.o(i.Timer2A_Handler) refers to dac.o(i.DAC_Shoot) for DAC_Shoot
    main.o(i.Timer2A_Handler) refers to dac.o(i.DAC_Explosion) for DAC_Explosion
    main.o(i.Timer2A_Handler) refers to main.o(.bss) for Ship
    main.o(i.main) refers to texas.o(i.TExaS_Init) for TExaS_Init
    main.o(i.main) refers to random.o(.text) for Random_Init
    main.o(i.main) refers to adc.o(i.ADC0_Init) for ADC0_Init
    main.o(i.main) refers to dac.o(i.DAC_Init) for DAC_Init
    main.o(i.main) refers to nokia5110.o(i.Nokia5110_Init) for Nokia5110_Init
    main.o(i.main) refers to nokia5110.o(i.Nokia5110_ClearBuffer) for Nokia5110_ClearBuffer
    main.o(i.main) refers to nokia5110.o(i.Nokia5110_DisplayBuffer) for Nokia5110_DisplayBuffer
    main.o(i.main) refers to animation.o(i.Ship_Init) for Ship_Init
    main.o(i.main) refers to animation.o(i.Bunker_Init) for Bunker_Init
    main.o(i.main) refers to animation.o(i.Enemy_Init) for Enemy_Init
    main.o(i.main) refers to animation.o(i.Missile_Init) for Missile_Init
    main.o(i.main) refers to animation.o(i.Laser_Init) for Laser_Init
    main.o(i.main) refers to tick.o(i.SysTick_Init) for SysTick_Init
    main.o(i.main) refers to tick.o(i.Timer2_Init) for Timer2_Init
    main.o(i.main) refers to startup.o(.text) for EnableInterrupts
    main.o(i.main) refers to main.o(i.NoEnemy) for NoEnemy
    main.o(i.main) refers to nokia5110.o(i.Nokia5110_Clear) for Nokia5110_Clear
    main.o(i.main) refers to nokia5110.o(i.Nokia5110_SetCursor) for Nokia5110_SetCursor
    main.o(i.main) refers to nokia5110.o(i.Nokia5110_OutString) for Nokia5110_OutString
    main.o(i.main) refers to nokia5110.o(i.Nokia5110_OutUDec) for Nokia5110_OutUDec
    main.o(i.main) refers to animation.o(i.Missiles_And_Lasers) for Missiles_And_Lasers
    main.o(i.main) refers to main.o(.bss) for Ship
    main.o(i.main) refers to main.o(.data) for score
    __main.o(!!!main) refers to rtentry.o(.ARM.Collect$$rtentry$$00000000) for __rt_entry
    rtentry.o(.ARM.Collect$$rtentry$$00000000) refers (Special) to rtentry2.o(.ARM.Collect$$rtentry$$0000000A) for __rt_entry_li
    rtentry.o(.ARM.Collect$$rtentry$$00000000) refers (Special) to rtentry2.o(.ARM.Collect$$rtentry$$0000000D) for __rt_entry_main
    rtentry.o(.ARM.Collect$$rtentry$$00000000) refers (Special) to rtentry2.o(.ARM.Collect$$rtentry$$0000000C) for __rt_entry_postli_1
    rtentry.o(.ARM.Collect$$rtentry$$00000000) refers (Special) to rtentry2.o(.ARM.Collect$$rtentry$$00000009) for __rt_entry_postsh_1
    rtentry.o(.ARM.Collect$$rtentry$$00000000) refers (Special) to rtentry2.o(.ARM.Collect$$rtentry$$00000002) for __rt_entry_presh_1
    rtentry.o(.ARM.Collect$$rtentry$$00000000) refers (Special) to rtentry4.o(.ARM.Collect$$rtentry$$00000004) for __rt_entry_sh
    rtentry2.o(.ARM.Collect$$rtentry$$00000008) refers to boardinit2.o(.text) for _platform_post_stackheap_init
    rtentry2.o(.ARM.Collect$$rtentry$$0000000A) refers to libinit.o(.ARM.Collect$$libinit$$00000000) for __rt_lib_init
    rtentry2.o(.ARM.Collect$$rtentry$$0000000B) refers to boardinit3.o(.text) for _platform_post_lib_init
    rtentry2.o(.ARM.Collect$$rtentry$$0000000D) refers to main.o(i.main) for main
    rtentry2.o(.ARM.Collect$$rtentry$$0000000D) refers to exit.o(.text) for exit
    rtentry2.o(.ARM.exidx) refers to rtentry2.o(.ARM.Collect$$rtentry$$00000001) for .ARM.Collect$$rtentry$$00000001
    rtentry2.o(.ARM.exidx) refers to rtentry2.o(.ARM.Collect$$rtentry$$00000008) for .ARM.Collect$$rtentry$$00000008
    rtentry2.o(.ARM.exidx) refers to rtentry2.o(.ARM.Collect$$rtentry$$0000000A) for .ARM.Collect$$rtentry$$0000000A
    rtentry2.o(.ARM.exidx) refers to rtentry2.o(.ARM.Collect$$rtentry$$0000000B) for .ARM.Collect$$rtentry$$0000000B
    rtentry2.o(.ARM.exidx) refers to rtentry2.o(.ARM.Collect$$rtentry$$0000000D) for .ARM.Collect$$rtentry$$0000000D
    rtentry4.o(.ARM.Collect$$rtentry$$00000004) refers to sys_stackheap_outer.o(.text) for __user_setup_stackheap
    rtentry4.o(.ARM.exidx) refers to rtentry4.o(.ARM.Collect$$rtentry$$00000004) for .ARM.Collect$$rtentry$$00000004
    sys_stackheap_outer.o(.text) refers to libspace.o(.text) for __user_perproc_libspace
    sys_stackheap_outer.o(.text) refers to startup.o(.text) for __user_initial_stackheap
    exit.o(.text) refers to rtexit.o(.ARM.Collect$$rtexit$$00000000) for __rt_exit
    libinit.o(.ARM.Collect$$libinit$$00000000) refers (Special) to libinit2.o(.ARM.Collect$$libinit$$0000002C) for __rt_lib_init_alloca_1
    libinit.o(.ARM.Collect$$libinit$$00000000) refers (Special) to libinit2.o(.ARM.Collect$$libinit$$0000002A) for __rt_lib_init_argv_1
    libinit.o(.ARM.Collect$$libinit$$00000000) refers (Special) to libinit2.o(.ARM.Collect$$libinit$$00000019) for __rt_lib_init_atexit_1
    libinit.o(.ARM.Collect$$libinit$$00000000) refers (Special) to libinit2.o(.ARM.Collect$$libinit$$0000001F) for __rt_lib_init_clock_1
    libinit.o(.ARM.Collect$$libinit$$00000000) refers (Special) to libinit2.o(.ARM.Collect$$libinit$$00000030) for __rt_lib_init_cpp_1
    libinit.o(.ARM.Collect$$libinit$$00000000) refers (Special) to libinit2.o(.ARM.Collect$$libinit$$0000002E) for __rt_lib_init_exceptions_1
    libinit.o(.ARM.Collect$$libinit$$00000000) refers (Special) to libinit2.o(.ARM.Collect$$libinit$$00000002) for __rt_lib_init_fp_1
    libinit.o(.ARM.Collect$$libinit$$00000000) refers (Special) to libinit2.o(.ARM.Collect$$libinit$$0000001D) for __rt_lib_init_fp_trap_1
    libinit.o(.ARM.Collect$$libinit$$00000000) refers (Special) to libinit2.o(.ARM.Collect$$libinit$$00000021) for __rt_lib_init_getenv_1
    libinit.o(.ARM.Collect$$libinit$$00000000) refers (Special) to libinit2.o(.ARM.Collect$$libinit$$00000008) for __rt_lib_init_heap_1
    libinit.o(.ARM.Collect$$libinit$$00000000) refers (Special) to libinit2.o(.ARM.Collect$$libinit$$0000000F) for __rt_lib_init_lc_collate_1
    libinit.o(.ARM.Collect$$libinit$$00000000) refers (Special) to libinit2.o(.ARM.Collect$$libinit$$00000011) for __rt_lib_init_lc_ctype_1
    libinit.o(.ARM.Collect$$libinit$$00000000) refers (Special) to libinit2.o(.ARM.Collect$$libinit$$00000013) for __rt_lib_init_lc_monetary_1
    libinit.o(.ARM.Collect$$libinit$$00000000) refers (Special) to libinit2.o(.ARM.Collect$$libinit$$00000015) for __rt_lib_init_lc_numeric_1
    libinit.o(.ARM.Collect$$libinit$$00000000) refers (Special) to libinit2.o(.ARM.Collect$$libinit$$00000017) for __rt_lib_init_lc_time_1
    libinit.o(.ARM.Collect$$libinit$$00000000) refers (Special) to libinit2.o(.ARM.Collect$$libinit$$0000000C) for __rt_lib_init_rand_1
    libinit.o(.ARM.Collect$$libinit$$00000000) refers (Special) to libinit2.o(.ARM.Collect$$libinit$$00000031) for __rt_lib_init_return
    libinit.o(.ARM.Collect$$libinit$$00000000) refers (Special) to libinit2.o(.ARM.Collect$$libinit$$0000001B) for __rt_lib_init_signal_1
    libinit.o(.ARM.Collect$$libinit$$00000000) refers (Special) to libinit2.o(.ARM.Collect$$libinit$$00000023) for __rt_lib_init_stdio_1
    libinit.o(.ARM.Collect$$libinit$$00000000) refers (Special) to libinit2.o(.ARM.Collect$$libinit$$0000000A) for __rt_lib_init_user_alloc_1
    libspace.o(.text) refers to libspace.o(.bss) for __libspace_start
    rtexit.o(.ARM.Collect$$rtexit$$00000000) refers (Special) to rtexit2.o(.ARM.Collect$$rtexit$$00000004) for __rt_exit_exit
    rtexit.o(.ARM.Collect$$rtexit$$00000000) refers (Special) to rtexit2.o(.ARM.Collect$$rtexit$$00000003) for __rt_exit_ls
    rtexit.o(.ARM.Collect$$rtexit$$00000000) refers (Special) to rtexit2.o(.ARM.Collect$$rtexit$$00000002) for __rt_exit_prels_1
    rtexit.o(.ARM.exidx) refers (Special) to rtexit2.o(.ARM.Collect$$rtexit$$00000004) for __rt_exit_exit
    rtexit.o(.ARM.exidx) refers (Special) to rtexit2.o(.ARM.Collect$$rtexit$$00000003) for __rt_exit_ls
    rtexit.o(.ARM.exidx) refers (Special) to rtexit2.o(.ARM.Collect$$rtexit$$00000002) for __rt_exit_prels_1
    rtexit.o(.ARM.exidx) refers to rtexit.o(.ARM.Collect$$rtexit$$00000000) for .ARM.Collect$$rtexit$$00000000
    libinit2.o(.ARM.Collect$$libinit$$0000000E) refers to libinit2.o(.ARM.Collect$$libinit$$0000000D) for .ARM.Collect$$libinit$$0000000D
    libinit2.o(.ARM.Collect$$libinit$$00000010) refers to libinit2.o(.ARM.Collect$$libinit$$0000000D) for .ARM.Collect$$libinit$$0000000D
    libinit2.o(.ARM.Collect$$libinit$$00000012) refers to libinit2.o(.ARM.Collect$$libinit$$0000000D) for .ARM.Collect$$libinit$$0000000D
    libinit2.o(.ARM.Collect$$libinit$$00000014) refers to libinit2.o(.ARM.Collect$$libinit$$0000000D) for .ARM.Collect$$libinit$$0000000D
    libinit2.o(.ARM.Collect$$libinit$$00000016) refers to libinit2.o(.ARM.Collect$$libinit$$0000000D) for .ARM.Collect$$libinit$$0000000D
    libinit2.o(.ARM.Collect$$libinit$$00000024) refers to argv_veneer.o(.emb_text) for __ARM_argv_veneer
    libinit2.o(.ARM.Collect$$libinit$$00000025) refers to argv_veneer.o(.emb_text) for __ARM_argv_veneer
    rtexit2.o(.ARM.Collect$$rtexit$$00000003) refers to libshutdown.o(.ARM.Collect$$libshutdown$$00000000) for __rt_lib_shutdown
    rtexit2.o(.ARM.Collect$$rtexit$$00000004) refers to sys_exit.o(.text) for _sys_exit
    rtexit2.o(.ARM.exidx) refers to rtexit2.o(.ARM.Collect$$rtexit$$00000001) for .ARM.Collect$$rtexit$$00000001
    rtexit2.o(.ARM.exidx) refers to rtexit2.o(.ARM.Collect$$rtexit$$00000003) for .ARM.Collect$$rtexit$$00000003
    rtexit2.o(.ARM.exidx) refers to rtexit2.o(.ARM.Collect$$rtexit$$00000004) for .ARM.Collect$$rtexit$$00000004
    argv_veneer.o(.emb_text) refers to no_argv.o(.text) for __ARM_get_argv
    sys_exit.o(.text) refers (Special) to use_no_semi.o(.text) for __I$use$semihosting
    sys_exit.o(.text) refers (Special) to indicate_semi.o(.text) for __semihosting_library_function
    _get_argv_nomalloc.o(.text) refers (Special) to hrguard.o(.text) for __heap_region$guard
    _get_argv_nomalloc.o(.text) refers to defsig_rtmem_outer.o(.text) for __rt_SIGRTMEM
    _get_argv_nomalloc.o(.text) refers to sys_command.o(.text) for _sys_command_string
    libshutdown.o(.ARM.Collect$$libshutdown$$00000000) refers (Special) to libshutdown2.o(.ARM.Collect$$libshutdown$$00000006) for __rt_lib_shutdown_fp_trap_1
    libshutdown.o(.ARM.Collect$$libshutdown$$00000000) refers (Special) to libshutdown2.o(.ARM.Collect$$libshutdown$$0000000E) for __rt_lib_shutdown_heap_1
    libshutdown.o(.ARM.Collect$$libshutdown$$00000000) refers (Special) to libshutdown2.o(.ARM.Collect$$libshutdown$$0000000F) for __rt_lib_shutdown_return
    libshutdown.o(.ARM.Collect$$libshutdown$$00000000) refers (Special) to libshutdown2.o(.ARM.Collect$$libshutdown$$00000009) for __rt_lib_shutdown_signal_1
    libshutdown.o(.ARM.Collect$$libshutdown$$00000000) refers (Special) to libshutdown2.o(.ARM.Collect$$libshutdown$$00000003) for __rt_lib_shutdown_stdio_1
    libshutdown.o(.ARM.Collect$$libshutdown$$00000000) refers (Special) to libshutdown2.o(.ARM.Collect$$libshutdown$$0000000B) for __rt_lib_shutdown_user_alloc_1
    sys_command.o(.text) refers (Special) to use_no_semi.o(.text) for __I$use$semihosting
    sys_command.o(.text) refers (Special) to indicate_semi.o(.text) for __semihosting_library_function
    defsig_rtmem_outer.o(.text) refers to defsig_rtmem_inner.o(.text) for __rt_SIGRTMEM_inner
    defsig_rtmem_outer.o(.text) refers to defsig_exit.o(.text) for __sig_exit
    defsig_rtmem_formal.o(.text) refers to rt_raise.o(.text) for __rt_raise
    rt_raise.o(.text) refers to __raise.o(.text) for __raise
    rt_raise.o(.text) refers to sys_exit.o(.text) for _sys_exit
    defsig_exit.o(.text) refers to sys_exit.o(.text) for _sys_exit
    defsig_rtmem_inner.o(.text) refers to defsig_general.o(.text) for __default_signal_display
    __raise.o(.text) refers to defsig.o(CL$$defsig) for __default_signal_handler
    defsig_general.o(.text) refers to sys_wrch.o(.text) for _ttywrch
    sys_wrch.o(.text) refers (Special) to use_no_semi.o(.text) for __I$use$semihosting
    sys_wrch.o(.text) refers (Special) to indicate_semi.o(.text) for __semihosting_library_function
    defsig.o(CL$$defsig) refers to defsig_rtmem_inner.o(.text) for __rt_SIGRTMEM_inner
    defsig_abrt_inner.o(.text) refers to defsig_general.o(.text) for __default_signal_display
    defsig_fpe_inner.o(.text) refers to defsig_general.o(.text) for __default_signal_display
    defsig_rtred_inner.o(.text) refers to defsig_general.o(.text) for __default_signal_display
    defsig_stak_inner.o(.text) refers to defsig_general.o(.text) for __default_signal_display
    defsig_pvfn_inner.o(.text) refers to defsig_general.o(.text) for __default_signal_display
    defsig_cppl_inner.o(.text) refers to defsig_general.o(.text) for __default_signal_display
    defsig_segv_inner.o(.text) refers to defsig_general.o(.text) for __default_signal_display
    defsig_other.o(.text) refers to defsig_general.o(.text) for __default_signal_display


==============================================================================

Removing Unused input sections from the image.

    Removing texas.o(i.SetMode), (24 bytes).
    Removing texas.o(i.StartTimer4), (36 bytes).
    Removing texas.o(i.StopTimer4), (24 bytes).
    Removing texas.o(i.TExaS_Stop), (28 bytes).
    Removing texas.o(i.UART0_InChar), (24 bytes).
    Removing texas.o(i.UART0_InCharNonBlocking), (28 bytes).
    Removing texas.o(i.UART0_OutChar), (24 bytes).
    Removing texas.o(i.UART0_OutCharNonBlock), (12 bytes).
    Removing texas.o(i.copy), (18 bytes).
    Removing dac.o(i.DAC_Fastinvader1), (48 bytes).
    Removing dac.o(i.DAC_Fastinvader2), (48 bytes).
    Removing dac.o(i.DAC_Fastinvader3), (48 bytes).
    Removing dac.o(i.DAC_Fastinvader4), (48 bytes).
    Removing dac.o(i.DAC_Highpitch), (48 bytes).
    Removing dac.o(i.DAC_Invaderkilled), (48 bytes).
    Removing dac.o(i.DAC_Smallexplosion), (48 bytes).
    Removing main.o(.constdata), (480 bytes).

17 unused section(s) (total 1034 bytes) removed from the image.

==============================================================================

Image Symbol Table

    Local Symbols

    Symbol Name                              Value     Ov Type        Size  Object(Section)

    RESET                                    0x00000000   Section      644  startup.o(RESET)
    ../clib/angel/boardlib.s                 0x00000000   Number         0  boardinit2.o ABSOLUTE
    ../clib/angel/boardlib.s                 0x00000000   Number         0  boardshut.o ABSOLUTE
    ../clib/angel/boardlib.s                 0x00000000   Number         0  boardinit3.o ABSOLUTE
    ../clib/angel/boardlib.s                 0x00000000   Number         0  boardinit1.o ABSOLUTE
    ../clib/angel/handlers.s                 0x00000000   Number         0  __scatter_zi.o ABSOLUTE
    ../clib/angel/handlers.s                 0x00000000   Number         0  __scatter_copy.o ABSOLUTE
    ../clib/angel/kernel.s                   0x00000000   Number         0  rtexit.o ABSOLUTE
    ../clib/angel/kernel.s                   0x00000000   Number         0  rtentry.o ABSOLUTE
    ../clib/angel/kernel.s                   0x00000000   Number         0  rtentry2.o ABSOLUTE
    ../clib/angel/kernel.s                   0x00000000   Number         0  rtexit2.o ABSOLUTE
    ../clib/angel/kernel.s                   0x00000000   Number         0  rtentry4.o ABSOLUTE
    ../clib/angel/rt.s                       0x00000000   Number         0  rt_raise.o ABSOLUTE
    ../clib/angel/scatter.s                  0x00000000   Number         0  __scatter.o ABSOLUTE
    ../clib/angel/startup.s                  0x00000000   Number         0  __main.o ABSOLUTE
    ../clib/angel/sys.s                      0x00000000   Number         0  libspace.o ABSOLUTE
    ../clib/angel/sys.s                      0x00000000   Number         0  use_no_semi.o ABSOLUTE
    ../clib/angel/sys.s                      0x00000000   Number         0  sys_stackheap_outer.o ABSOLUTE
    ../clib/angel/sys.s                      0x00000000   Number         0  indicate_semi.o ABSOLUTE
    ../clib/angel/sysapp.c                   0x00000000   Number         0  sys_exit.o ABSOLUTE
    ../clib/angel/sysapp.c                   0x00000000   Number         0  sys_command.o ABSOLUTE
    ../clib/angel/sysapp.c                   0x00000000   Number         0  sys_wrch.o ABSOLUTE
    ../clib/armsys.c                         0x00000000   Number         0  _get_argv_nomalloc.o ABSOLUTE
    ../clib/armsys.c                         0x00000000   Number         0  no_argv.o ABSOLUTE
    ../clib/armsys.c                         0x00000000   Number         0  argv_veneer.o ABSOLUTE
    ../clib/armsys.c                         0x00000000   Number         0  argv_veneer.o ABSOLUTE
    ../clib/heapalloc.c                      0x00000000   Number         0  hrguard.o ABSOLUTE
    ../clib/heapaux.c                        0x00000000   Number         0  heapauxi.o ABSOLUTE
    ../clib/libinit.s                        0x00000000   Number         0  libinit2.o ABSOLUTE
    ../clib/libinit.s                        0x00000000   Number         0  libshutdown.o ABSOLUTE
    ../clib/libinit.s                        0x00000000   Number         0  libinit.o ABSOLUTE
    ../clib/libinit.s                        0x00000000   Number         0  libshutdown2.o ABSOLUTE
    ../clib/signal.c                         0x00000000   Number         0  defsig_stak_inner.o ABSOLUTE
    ../clib/signal.c                         0x00000000   Number         0  defsig_rtred_inner.o ABSOLUTE
    ../clib/signal.c                         0x00000000   Number         0  defsig_fpe_inner.o ABSOLUTE
    ../clib/signal.c                         0x00000000   Number         0  defsig_abrt_inner.o ABSOLUTE
    ../clib/signal.c                         0x00000000   Number         0  defsig_general.o ABSOLUTE
    ../clib/signal.c                         0x00000000   Number         0  __raise.o ABSOLUTE
    ../clib/signal.c                         0x00000000   Number         0  defsig_rtmem_inner.o ABSOLUTE
    ../clib/signal.c                         0x00000000   Number         0  defsig_exit.o ABSOLUTE
    ../clib/signal.c                         0x00000000   Number         0  defsig_rtmem_formal.o ABSOLUTE
    ../clib/signal.c                         0x00000000   Number         0  defsig_rtmem_outer.o ABSOLUTE
    ../clib/signal.c                         0x00000000   Number         0  defsig_other.o ABSOLUTE
    ../clib/signal.c                         0x00000000   Number         0  defsig_segv_inner.o ABSOLUTE
    ../clib/signal.c                         0x00000000   Number         0  defsig_cppl_inner.o ABSOLUTE
    ../clib/signal.c                         0x00000000   Number         0  defsig_pvfn_inner.o ABSOLUTE
    ../clib/signal.s                         0x00000000   Number         0  defsig.o ABSOLUTE
    ../clib/stdlib.c                         0x00000000   Number         0  exit.o ABSOLUTE
    ../fplib/fpinit.s                        0x00000000   Number         0  fpinit.o ABSOLUTE
    ADC.c                                    0x00000000   Number         0  adc.o ABSOLUTE
    Animation.c                              0x00000000   Number         0  animation.o ABSOLUTE
    DAC.c                                    0x00000000   Number         0  dac.o ABSOLUTE
    Images.c                                 0x00000000   Number         0  images.o ABSOLUTE
    Nokia5110.c                              0x00000000   Number         0  nokia5110.o ABSOLUTE
    TExaS.c                                  0x00000000   Number         0  texas.o ABSOLUTE
    Tick.c                                   0x00000000   Number         0  tick.o ABSOLUTE
    dc.s                                     0x00000000   Number         0  dc.o ABSOLUTE
    main.c                                   0x00000000   Number         0  main.o ABSOLUTE
    random.s                                 0x00000000   Number         0  random.o ABSOLUTE
    startup.s                                0x00000000   Number         0  startup.o ABSOLUTE
    !!!main                                  0x00000284   Section        8  __main.o(!!!main)
    !!!scatter                               0x0000028c   Section       52  __scatter.o(!!!scatter)
    !!handler_copy                           0x000002c0   Section       26  __scatter_copy.o(!!handler_copy)
    !!handler_zi                             0x000002dc   Section       28  __scatter_zi.o(!!handler_zi)
    .ARM.Collect$$libinit$$00000000          0x000002f8   Section        2  libinit.o(.ARM.Collect$$libinit$$00000000)
    .ARM.Collect$$libinit$$00000002          0x000002fa   Section        0  libinit2.o(.ARM.Collect$$libinit$$00000002)
    .ARM.Collect$$libinit$$00000008          0x000002fa   Section        0  libinit2.o(.ARM.Collect$$libinit$$00000008)
    .ARM.Collect$$libinit$$0000000A          0x000002fa   Section        0  libinit2.o(.ARM.Collect$$libinit$$0000000A)
    .ARM.Collect$$libinit$$0000000C          0x000002fa   Section        0  libinit2.o(.ARM.Collect$$libinit$$0000000C)
    .ARM.Collect$$libinit$$0000000F          0x000002fa   Section        0  libinit2.o(.ARM.Collect$$libinit$$0000000F)
    .ARM.Collect$$libinit$$00000011          0x000002fa   Section        0  libinit2.o(.ARM.Collect$$libinit$$00000011)
    .ARM.Collect$$libinit$$00000013          0x000002fa   Section        0  libinit2.o(.ARM.Collect$$libinit$$00000013)
    .ARM.Collect$$libinit$$00000015          0x000002fa   Section        0  libinit2.o(.ARM.Collect$$libinit$$00000015)
    .ARM.Collect$$libinit$$00000017          0x000002fa   Section        0  libinit2.o(.ARM.Collect$$libinit$$00000017)
    .ARM.Collect$$libinit$$00000019          0x000002fa   Section        0  libinit2.o(.ARM.Collect$$libinit$$00000019)
    .ARM.Collect$$libinit$$0000001B          0x000002fa   Section        0  libinit2.o(.ARM.Collect$$libinit$$0000001B)
    .ARM.Collect$$libinit$$0000001D          0x000002fa   Section        0  libinit2.o(.ARM.Collect$$libinit$$0000001D)
    .ARM.Collect$$libinit$$0000001F          0x000002fa   Section        0  libinit2.o(.ARM.Collect$$libinit$$0000001F)
    .ARM.Collect$$libinit$$00000021          0x000002fa   Section        0  libinit2.o(.ARM.Collect$$libinit$$00000021)
    .ARM.Collect$$libinit$$00000023          0x000002fa   Section        0  libinit2.o(.ARM.Collect$$libinit$$00000023)
    .ARM.Collect$$libinit$$0000002A          0x000002fa   Section        0  libinit2.o(.ARM.Collect$$libinit$$0000002A)
    .ARM.Collect$$libinit$$0000002C          0x000002fa   Section        0  libinit2.o(.ARM.Collect$$libinit$$0000002C)
    .ARM.Collect$$libinit$$0000002E          0x000002fa   Section        0  libinit2.o(.ARM.Collect$$libinit$$0000002E)
    .ARM.Collect$$libinit$$00000030          0x000002fa   Section        0  libinit2.o(.ARM.Collect$$libinit$$00000030)
    .ARM.Collect$$libinit$$00000031          0x000002fa   Section        2  libinit2.o(.ARM.Collect$$libinit$$00000031)
    .ARM.Collect$$libshutdown$$00000000      0x000002fc   Section        2  libshutdown.o(.ARM.Collect$$libshutdown$$00000000)
    .ARM.Collect$$libshutdown$$00000003      0x000002fe   Section        0  libshutdown2.o(.ARM.Collect$$libshutdown$$00000003)
    .ARM.Collect$$libshutdown$$00000006      0x000002fe   Section        0  libshutdown2.o(.ARM.Collect$$libshutdown$$00000006)
    .ARM.Collect$$libshutdown$$00000009      0x000002fe   Section        0  libshutdown2.o(.ARM.Collect$$libshutdown$$00000009)
    .ARM.Collect$$libshutdown$$0000000B      0x000002fe   Section        0  libshutdown2.o(.ARM.Collect$$libshutdown$$0000000B)
    .ARM.Collect$$libshutdown$$0000000E      0x000002fe   Section        0  libshutdown2.o(.ARM.Collect$$libshutdown$$0000000E)
    .ARM.Collect$$libshutdown$$0000000F      0x000002fe   Section        2  libshutdown2.o(.ARM.Collect$$libshutdown$$0000000F)
    .ARM.Collect$$rtentry$$00000000          0x00000300   Section        0  rtentry.o(.ARM.Collect$$rtentry$$00000000)
    .ARM.Collect$$rtentry$$00000002          0x00000300   Section        0  rtentry2.o(.ARM.Collect$$rtentry$$00000002)
    .ARM.Collect$$rtentry$$00000004          0x00000300   Section        6  rtentry4.o(.ARM.Collect$$rtentry$$00000004)
    .ARM.Collect$$rtentry$$00000009          0x00000306   Section        0  rtentry2.o(.ARM.Collect$$rtentry$$00000009)
    .ARM.Collect$$rtentry$$0000000A          0x00000306   Section        4  rtentry2.o(.ARM.Collect$$rtentry$$0000000A)
    .ARM.Collect$$rtentry$$0000000C          0x0000030a   Section        0  rtentry2.o(.ARM.Collect$$rtentry$$0000000C)
    .ARM.Collect$$rtentry$$0000000D          0x0000030a   Section        8  rtentry2.o(.ARM.Collect$$rtentry$$0000000D)
    .ARM.Collect$$rtexit$$00000000           0x00000312   Section        2  rtexit.o(.ARM.Collect$$rtexit$$00000000)
    .ARM.Collect$$rtexit$$00000002           0x00000314   Section        0  rtexit2.o(.ARM.Collect$$rtexit$$00000002)
    .ARM.Collect$$rtexit$$00000003           0x00000314   Section        4  rtexit2.o(.ARM.Collect$$rtexit$$00000003)
    .ARM.Collect$$rtexit$$00000004           0x00000318   Section        6  rtexit2.o(.ARM.Collect$$rtexit$$00000004)
    .text                                    0x00000320   Section       48  startup.o(.text)
    .text                                    0x00000350   Section       64  random.o(.text)
    .text                                    0x00000390   Section        0  heapauxi.o(.text)
    .text                                    0x00000396   Section       74  sys_stackheap_outer.o(.text)
    .text                                    0x000003e0   Section        0  exit.o(.text)
    .text                                    0x000003ec   Section        8  libspace.o(.text)
    .text                                    0x000003f4   Section        0  sys_exit.o(.text)
    .text                                    0x00000400   Section        2  use_no_semi.o(.text)
    .text                                    0x00000402   Section        0  indicate_semi.o(.text)
    i.ADC0_In                                0x00000404   Section        0  adc.o(i.ADC0_In)
    i.ADC0_Init                              0x0000043c   Section        0  adc.o(i.ADC0_Init)
    i.ADC1_In                                0x00000560   Section        0  texas.o(i.ADC1_In)
    i.ADC1_Init                              0x0000056c   Section        0  texas.o(i.ADC1_Init)
    i.Bunker_Init                            0x00000640   Section        0  animation.o(i.Bunker_Init)
    i.DAC_Explosion                          0x000006b4   Section        0  dac.o(i.DAC_Explosion)
    i.DAC_Init                               0x000006e4   Section        0  dac.o(i.DAC_Init)
    i.DAC_Out                                0x00000774   Section        0  dac.o(i.DAC_Out)
    i.DAC_Shoot                              0x00000780   Section        0  dac.o(i.DAC_Shoot)
    i.Delay                                  0x000007b0   Section        0  tick.o(i.Delay)
    i.Enemy_Init                             0x000007c8   Section        0  animation.o(i.Enemy_Init)
    i.Laser_Init                             0x00000880   Section        0  animation.o(i.Laser_Init)
    i.Missile_Init                           0x000008a0   Section        0  animation.o(i.Missile_Init)
    i.Missiles_And_Lasers                    0x000008c0   Section        0  animation.o(i.Missiles_And_Lasers)
    i.NoEnemy                                0x00000b6c   Section        0  main.o(i.NoEnemy)
    i.Nokia5110_Clear                        0x00000b9c   Section        0  nokia5110.o(i.Nokia5110_Clear)
    i.Nokia5110_ClearBuffer                  0x00000bbc   Section        0  nokia5110.o(i.Nokia5110_ClearBuffer)
    i.Nokia5110_DisplayBuffer                0x00000bd4   Section        0  nokia5110.o(i.Nokia5110_DisplayBuffer)
    i.Nokia5110_DrawFullImage                0x00000be4   Section        0  nokia5110.o(i.Nokia5110_DrawFullImage)
    i.Nokia5110_Init                         0x00000c08   Section        0  nokia5110.o(i.Nokia5110_Init)
    i.Nokia5110_OutChar                      0x00000d74   Section        0  nokia5110.o(i.Nokia5110_OutChar)
    i.Nokia5110_OutString                    0x00000dac   Section        0  nokia5110.o(i.Nokia5110_OutString)
    i.Nokia5110_OutUDec                      0x00000dc4   Section        0  nokia5110.o(i.Nokia5110_OutUDec)
    i.Nokia5110_PrintBMP                     0x00000f60   Section        0  nokia5110.o(i.Nokia5110_PrintBMP)
    i.Nokia5110_SetCursor                    0x00001108   Section        0  nokia5110.o(i.Nokia5110_SetCursor)
    i.PLL_Init                               0x00001138   Section        0  texas.o(i.PLL_Init)
    i.SetCode                                0x000011b4   Section        0  texas.o(i.SetCode)
    i.SetCourse                              0x000011cc   Section        0  texas.o(i.SetCourse)
    i.Ship_Init                              0x000011e4   Section        0  animation.o(i.Ship_Init)
    i.SysTick_Handler                        0x00001250   Section        0  main.o(i.SysTick_Handler)
    i.SysTick_Init                           0x00001434   Section        0  tick.o(i.SysTick_Init)
    i.TExaS_Init                             0x00001468   Section        0  texas.o(i.TExaS_Init)
    i.Timer2A_Handler                        0x0000162c   Section        0  main.o(i.Timer2A_Handler)
    i.Timer2_Init                            0x0000165c   Section        0  tick.o(i.Timer2_Init)
    i.Timer4A_Handler                        0x000016c0   Section        0  texas.o(i.Timer4A_Handler)
    i.Timer5A_Handler                        0x000016e0   Section        0  texas.o(i.Timer5A_Handler)
    i.UART0_Init                             0x00001710   Section        0  texas.o(i.UART0_Init)
    i.lcdwrite                               0x000017d0   Section        0  nokia5110.o(i.lcdwrite)
    lcdwrite                                 0x000017d1   Thumb Code    66  nokia5110.o(i.lcdwrite)
    i.main                                   0x0000181c   Section        0  main.o(i.main)
    .constdata                               0x0000190c   Section      480  nokia5110.o(.constdata)
    ASCII                                    0x0000190c   Data         480  nokia5110.o(.constdata)
    .constdata                               0x00001aec   Section      360  texas.o(.constdata)
    .constdata                               0x00001c54   Section      481  animation.o(.constdata)
    ASCII                                    0x00001c54   Data         480  animation.o(.constdata)
    .constdata                               0x00001e35   Section    16935  dac.o(.constdata)
    .constdata                               0x0000605c   Section     4576  images.o(.constdata)
    .data                                    0x20000000   Section       52  texas.o(.data)
    .data                                    0x20000034   Section       35  animation.o(.data)
    .data                                    0x20000058   Section        2  dac.o(.data)
    .data                                    0x2000005a   Section       11  main.o(.data)
    DATA                                     0x20000068   Section        4  random.o(DATA)
    M                                        0x20000068   Data           4  random.o(DATA)
    .bss                                     0x2000006c   Section      504  nokia5110.o(.bss)
    .bss                                     0x20000268   Section       56  texas.o(.bss)
    .bss                                     0x200002a0   Section      504  main.o(.bss)
    .bss                                     0x20000498   Section       96  libspace.o(.bss)
    HEAP                                     0x200004f8   Section        0  startup.o(HEAP)
    STACK                                    0x200004f8   Section     1024  startup.o(STACK)
    HeapMem                                  0x200004f8   Data           0  startup.o(HEAP)
    StackMem                                 0x200004f8   Data           0  startup.o(STACK)

    Global Symbols

    Symbol Name                              Value     Ov Type        Size  Object(Section)

    BuildAttributes$$THM_ISAv4$E$P$D$K$B$S$7EM$PE$A:L22UL41UL21$X:L11$S22US41US21$IEEE1$IW$USESV6$~STKCKD$USESV7$~SHL$OSPACE$ROPI$EBA8$UX$STANDARDLIB$REQ8$PRES8$EABIv2 0x00000000   Number         0  anon$$obj.o ABSOLUTE
    __ARM_use_no_argv                        0x00000000   Number         0  main.o ABSOLUTE
    __Vectors                                0x00000000   Data           0  startup.o(RESET)
    __ARM_exceptions_init                     - Undefined Weak Reference
    __alloca_initialize                       - Undefined Weak Reference
    __cpp_initialize__aeabi_                  - Undefined Weak Reference
    __cxa_finalize                            - Undefined Weak Reference
    __rt_locale                               - Undefined Weak Reference
    __sigvec_lookup                           - Undefined Weak Reference
    _atexit_init                              - Undefined Weak Reference
    _call_atexit_fns                          - Undefined Weak Reference
    _clock_init                               - Undefined Weak Reference
    _fp_trap_init                             - Undefined Weak Reference
    _fp_trap_shutdown                         - Undefined Weak Reference
    _get_lc_collate                           - Undefined Weak Reference
    _get_lc_ctype                             - Undefined Weak Reference
    _get_lc_monetary                          - Undefined Weak Reference
    _get_lc_numeric                           - Undefined Weak Reference
    _get_lc_time                              - Undefined Weak Reference
    _getenv_init                              - Undefined Weak Reference
    _handle_redirection                       - Undefined Weak Reference
    _init_alloc                               - Undefined Weak Reference
    _init_user_alloc                          - Undefined Weak Reference
    _initio                                   - Undefined Weak Reference
    _rand_init                                - Undefined Weak Reference
    _signal_finish                            - Undefined Weak Reference
    _signal_init                              - Undefined Weak Reference
    _terminate_alloc                          - Undefined Weak Reference
    _terminate_user_alloc                     - Undefined Weak Reference
    _terminateio                              - Undefined Weak Reference
    Reset_Handler                            0x0000026d   Thumb Code     0  startup.o(RESET)
    NMI_Handler                              0x00000271   Thumb Code     2  startup.o(RESET)
    HardFault_Handler                        0x00000273   Thumb Code     2  startup.o(RESET)
    MemManage_Handler                        0x00000275   Thumb Code     2  startup.o(RESET)
    BusFault_Handler                         0x00000277   Thumb Code     2  startup.o(RESET)
    UsageFault_Handler                       0x00000279   Thumb Code     2  startup.o(RESET)
    SVC_Handler                              0x0000027b   Thumb Code     2  startup.o(RESET)
    DebugMon_Handler                         0x0000027d   Thumb Code     2  startup.o(RESET)
    PendSV_Handler                           0x0000027f   Thumb Code     2  startup.o(RESET)
    ADC0Seq0_Handler                         0x00000283   Thumb Code     0  startup.o(RESET)
    ADC0Seq1_Handler                         0x00000283   Thumb Code     0  startup.o(RESET)
    ADC0Seq2_Handler                         0x00000283   Thumb Code     0  startup.o(RESET)
    ADC0Seq3_Handler                         0x00000283   Thumb Code     0  startup.o(RESET)
    ADC1Seq0_Handler                         0x00000283   Thumb Code     0  startup.o(RESET)
    ADC1Seq1_Handler                         0x00000283   Thumb Code     0  startup.o(RESET)
    ADC1Seq2_Handler                         0x00000283   Thumb Code     0  startup.o(RESET)
    ADC1Seq3_Handler                         0x00000283   Thumb Code     0  startup.o(RESET)
    CAN0_Handler                             0x00000283   Thumb Code     0  startup.o(RESET)
    CAN1_Handler                             0x00000283   Thumb Code     0  startup.o(RESET)
    CAN2_Handler                             0x00000283   Thumb Code     0  startup.o(RESET)
    Comp0_Handler                            0x00000283   Thumb Code     0  startup.o(RESET)
    Comp1_Handler                            0x00000283   Thumb Code     0  startup.o(RESET)
    Comp2_Handler                            0x00000283   Thumb Code     0  startup.o(RESET)
    Ethernet_Handler                         0x00000283   Thumb Code     0  startup.o(RESET)
    ExtBus_Handler                           0x00000283   Thumb Code     0  startup.o(RESET)
    FPU_Handler                              0x00000283   Thumb Code     0  startup.o(RESET)
    Fan0_Handler                             0x00000283   Thumb Code     0  startup.o(RESET)
    FlashCtl_Handler                         0x00000283   Thumb Code     0  startup.o(RESET)
    GPIOPortA_Handler                        0x00000283   Thumb Code     0  startup.o(RESET)
    GPIOPortB_Handler                        0x00000283   Thumb Code     0  startup.o(RESET)
    GPIOPortC_Handler                        0x00000283   Thumb Code     0  startup.o(RESET)
    GPIOPortD_Handler                        0x00000283   Thumb Code     0  startup.o(RESET)
    GPIOPortE_Handler                        0x00000283   Thumb Code     0  startup.o(RESET)
    GPIOPortF_Handler                        0x00000283   Thumb Code     0  startup.o(RESET)
    GPIOPortG_Handler                        0x00000283   Thumb Code     0  startup.o(RESET)
    GPIOPortH_Handler                        0x00000283   Thumb Code     0  startup.o(RESET)
    GPIOPortJ_Handler                        0x00000283   Thumb Code     0  startup.o(RESET)
    GPIOPortK_Handler                        0x00000283   Thumb Code     0  startup.o(RESET)
    GPIOPortL_Handler                        0x00000283   Thumb Code     0  startup.o(RESET)
    GPIOPortM_Handler                        0x00000283   Thumb Code     0  startup.o(RESET)
    GPIOPortN_Handler                        0x00000283   Thumb Code     0  startup.o(RESET)
    GPIOPortP1_Handler                       0x00000283   Thumb Code     0  startup.o(RESET)
    GPIOPortP2_Handler                       0x00000283   Thumb Code     0  startup.o(RESET)
    GPIOPortP3_Handler                       0x00000283   Thumb Code     0  startup.o(RESET)
    GPIOPortP4_Handler                       0x00000283   Thumb Code     0  startup.o(RESET)
    GPIOPortP5_Handler                       0x00000283   Thumb Code     0  startup.o(RESET)
    GPIOPortP6_Handler                       0x00000283   Thumb Code     0  startup.o(RESET)
    GPIOPortP7_Handler                       0x00000283   Thumb Code     0  startup.o(RESET)
    GPIOPortP_Handler                        0x00000283   Thumb Code     0  startup.o(RESET)
    GPIOPortQ1_Handler                       0x00000283   Thumb Code     0  startup.o(RESET)
    GPIOPortQ2_Handler                       0x00000283   Thumb Code     0  startup.o(RESET)
    GPIOPortQ3_Handler                       0x00000283   Thumb Code     0  startup.o(RESET)
    GPIOPortQ4_Handler                       0x00000283   Thumb Code     0  startup.o(RESET)
    GPIOPortQ5_Handler                       0x00000283   Thumb Code     0  startup.o(RESET)
    GPIOPortQ6_Handler                       0x00000283   Thumb Code     0  startup.o(RESET)
    GPIOPortQ7_Handler                       0x00000283   Thumb Code     0  startup.o(RESET)
    GPIOPortQ_Handler                        0x00000283   Thumb Code     0  startup.o(RESET)
    GPIOPortR_Handler                        0x00000283   Thumb Code     0  startup.o(RESET)
    GPIOPortS_Handler                        0x00000283   Thumb Code     0  startup.o(RESET)
    Hibernate_Handler                        0x00000283   Thumb Code     0  startup.o(RESET)
    I2C0_Handler                             0x00000283   Thumb Code     0  startup.o(RESET)
    I2C1_Handler                             0x00000283   Thumb Code     0  startup.o(RESET)
    I2C2_Handler                             0x00000283   Thumb Code     0  startup.o(RESET)
    I2C3_Handler                             0x00000283   Thumb Code     0  startup.o(RESET)
    I2C4_Handler                             0x00000283   Thumb Code     0  startup.o(RESET)
    I2C5_Handler                             0x00000283   Thumb Code     0  startup.o(RESET)
    I2S0_Handler                             0x00000283   Thumb Code     0  startup.o(RESET)
    LPC0_Handler                             0x00000283   Thumb Code     0  startup.o(RESET)
    PECI0_Handler                            0x00000283   Thumb Code     0  startup.o(RESET)
    PWM0Fault_Handler                        0x00000283   Thumb Code     0  startup.o(RESET)
    PWM0Generator0_Handler                   0x00000283   Thumb Code     0  startup.o(RESET)
    PWM0Generator1_Handler                   0x00000283   Thumb Code     0  startup.o(RESET)
    PWM0Generator2_Handler                   0x00000283   Thumb Code     0  startup.o(RESET)
    PWM0Generator3_Handler                   0x00000283   Thumb Code     0  startup.o(RESET)
    PWM1Fault_Handler                        0x00000283   Thumb Code     0  startup.o(RESET)
    PWM1Generator0_Handler                   0x00000283   Thumb Code     0  startup.o(RESET)
    PWM1Generator1_Handler                   0x00000283   Thumb Code     0  startup.o(RESET)
    PWM1Generator2_Handler                   0x00000283   Thumb Code     0  startup.o(RESET)
    PWM1Generator3_Handler                   0x00000283   Thumb Code     0  startup.o(RESET)
    Quadrature0_Handler                      0x00000283   Thumb Code     0  startup.o(RESET)
    Quadrature1_Handler                      0x00000283   Thumb Code     0  startup.o(RESET)
    Quadrature2_Handler                      0x00000283   Thumb Code     0  startup.o(RESET)
    SSI0_Handler                             0x00000283   Thumb Code     0  startup.o(RESET)
    SSI1_Handler                             0x00000283   Thumb Code     0  startup.o(RESET)
    SSI2_Handler                             0x00000283   Thumb Code     0  startup.o(RESET)
    SSI3_Handler                             0x00000283   Thumb Code     0  startup.o(RESET)
    SysCtl_Handler                           0x00000283   Thumb Code     0  startup.o(RESET)
    Timer0A_Handler                          0x00000283   Thumb Code     0  startup.o(RESET)
    Timer0B_Handler                          0x00000283   Thumb Code     0  startup.o(RESET)
    Timer1A_Handler                          0x00000283   Thumb Code     0  startup.o(RESET)
    Timer1B_Handler                          0x00000283   Thumb Code     0  startup.o(RESET)
    Timer2B_Handler                          0x00000283   Thumb Code     0  startup.o(RESET)
    Timer3A_Handler                          0x00000283   Thumb Code     0  startup.o(RESET)
    Timer3B_Handler                          0x00000283   Thumb Code     0  startup.o(RESET)
    Timer4B_Handler                          0x00000283   Thumb Code     0  startup.o(RESET)
    Timer5B_Handler                          0x00000283   Thumb Code     0  startup.o(RESET)
    UART0_Handler                            0x00000283   Thumb Code     0  startup.o(RESET)
    UART1_Handler                            0x00000283   Thumb Code     0  startup.o(RESET)
    UART2_Handler                            0x00000283   Thumb Code     0  startup.o(RESET)
    UART3_Handler                            0x00000283   Thumb Code     0  startup.o(RESET)
    UART4_Handler                            0x00000283   Thumb Code     0  startup.o(RESET)
    UART5_Handler                            0x00000283   Thumb Code     0  startup.o(RESET)
    UART6_Handler                            0x00000283   Thumb Code     0  startup.o(RESET)
    UART7_Handler                            0x00000283   Thumb Code     0  startup.o(RESET)
    USB0_Handler                             0x00000283   Thumb Code     0  startup.o(RESET)
    WDT_Handler                              0x00000283   Thumb Code     0  startup.o(RESET)
    WideTimer0A_Handler                      0x00000283   Thumb Code     0  startup.o(RESET)
    WideTimer0B_Handler                      0x00000283   Thumb Code     0  startup.o(RESET)
    WideTimer1A_Handler                      0x00000283   Thumb Code     0  startup.o(RESET)
    WideTimer1B_Handler                      0x00000283   Thumb Code     0  startup.o(RESET)
    WideTimer2A_Handler                      0x00000283   Thumb Code     0  startup.o(RESET)
    WideTimer2B_Handler                      0x00000283   Thumb Code     0  startup.o(RESET)
    WideTimer3A_Handler                      0x00000283   Thumb Code     0  startup.o(RESET)
    WideTimer3B_Handler                      0x00000283   Thumb Code     0  startup.o(RESET)
    WideTimer4A_Handler                      0x00000283   Thumb Code     0  startup.o(RESET)
    WideTimer4B_Handler                      0x00000283   Thumb Code     0  startup.o(RESET)
    WideTimer5A_Handler                      0x00000283   Thumb Code     0  startup.o(RESET)
    WideTimer5B_Handler                      0x00000283   Thumb Code     0  startup.o(RESET)
    uDMA_Error                               0x00000283   Thumb Code     0  startup.o(RESET)
    uDMA_Handler                             0x00000283   Thumb Code     0  startup.o(RESET)
    __main                                   0x00000285   Thumb Code     8  __main.o(!!!main)
    __scatterload                            0x0000028d   Thumb Code     0  __scatter.o(!!!scatter)
    __scatterload_rt2                        0x0000028d   Thumb Code    44  __scatter.o(!!!scatter)
    __scatterload_rt2_thumb_only             0x0000028d   Thumb Code     0  __scatter.o(!!!scatter)
    __scatterload_null                       0x0000029b   Thumb Code     0  __scatter.o(!!!scatter)
    __scatterload_copy                       0x000002c1   Thumb Code    26  __scatter_copy.o(!!handler_copy)
    __scatterload_zeroinit                   0x000002dd   Thumb Code    28  __scatter_zi.o(!!handler_zi)
    __rt_lib_init                            0x000002f9   Thumb Code     0  libinit.o(.ARM.Collect$$libinit$$00000000)
    __rt_lib_init_alloca_1                   0x000002fb   Thumb Code     0  libinit2.o(.ARM.Collect$$libinit$$0000002C)
    __rt_lib_init_argv_1                     0x000002fb   Thumb Code     0  libinit2.o(.ARM.Collect$$libinit$$0000002A)
    __rt_lib_init_atexit_1                   0x000002fb   Thumb Code     0  libinit2.o(.ARM.Collect$$libinit$$00000019)
    __rt_lib_init_clock_1                    0x000002fb   Thumb Code     0  libinit2.o(.ARM.Collect$$libinit$$0000001F)
    __rt_lib_init_cpp_1                      0x000002fb   Thumb Code     0  libinit2.o(.ARM.Collect$$libinit$$00000030)
    __rt_lib_init_exceptions_1               0x000002fb   Thumb Code     0  libinit2.o(.ARM.Collect$$libinit$$0000002E)
    __rt_lib_init_fp_1                       0x000002fb   Thumb Code     0  libinit2.o(.ARM.Collect$$libinit$$00000002)
    __rt_lib_init_fp_trap_1                  0x000002fb   Thumb Code     0  libinit2.o(.ARM.Collect$$libinit$$0000001D)
    __rt_lib_init_getenv_1                   0x000002fb   Thumb Code     0  libinit2.o(.ARM.Collect$$libinit$$00000021)
    __rt_lib_init_heap_1                     0x000002fb   Thumb Code     0  libinit2.o(.ARM.Collect$$libinit$$00000008)
    __rt_lib_init_lc_collate_1               0x000002fb   Thumb Code     0  libinit2.o(.ARM.Collect$$libinit$$0000000F)
    __rt_lib_init_lc_ctype_1                 0x000002fb   Thumb Code     0  libinit2.o(.ARM.Collect$$libinit$$00000011)
    __rt_lib_init_lc_monetary_1              0x000002fb   Thumb Code     0  libinit2.o(.ARM.Collect$$libinit$$00000013)
    __rt_lib_init_lc_numeric_1               0x000002fb   Thumb Code     0  libinit2.o(.ARM.Collect$$libinit$$00000015)
    __rt_lib_init_lc_time_1                  0x000002fb   Thumb Code     0  libinit2.o(.ARM.Collect$$libinit$$00000017)
    __rt_lib_init_rand_1                     0x000002fb   Thumb Code     0  libinit2.o(.ARM.Collect$$libinit$$0000000C)
    __rt_lib_init_return                     0x000002fb   Thumb Code     0  libinit2.o(.ARM.Collect$$libinit$$00000031)
    __rt_lib_init_signal_1                   0x000002fb   Thumb Code     0  libinit2.o(.ARM.Collect$$libinit$$0000001B)
    __rt_lib_init_stdio_1                    0x000002fb   Thumb Code     0  libinit2.o(.ARM.Collect$$libinit$$00000023)
    __rt_lib_init_user_alloc_1               0x000002fb   Thumb Code     0  libinit2.o(.ARM.Collect$$libinit$$0000000A)
    __rt_lib_shutdown                        0x000002fd   Thumb Code     0  libshutdown.o(.ARM.Collect$$libshutdown$$00000000)
    __rt_lib_shutdown_fp_trap_1              0x000002ff   Thumb Code     0  libshutdown2.o(.ARM.Collect$$libshutdown$$00000006)
    __rt_lib_shutdown_heap_1                 0x000002ff   Thumb Code     0  libshutdown2.o(.ARM.Collect$$libshutdown$$0000000E)
    __rt_lib_shutdown_return                 0x000002ff   Thumb Code     0  libshutdown2.o(.ARM.Collect$$libshutdown$$0000000F)
    __rt_lib_shutdown_signal_1               0x000002ff   Thumb Code     0  libshutdown2.o(.ARM.Collect$$libshutdown$$00000009)
    __rt_lib_shutdown_stdio_1                0x000002ff   Thumb Code     0  libshutdown2.o(.ARM.Collect$$libshutdown$$00000003)
    __rt_lib_shutdown_user_alloc_1           0x000002ff   Thumb Code     0  libshutdown2.o(.ARM.Collect$$libshutdown$$0000000B)
    __rt_entry                               0x00000301   Thumb Code     0  rtentry.o(.ARM.Collect$$rtentry$$00000000)
    __rt_entry_presh_1                       0x00000301   Thumb Code     0  rtentry2.o(.ARM.Collect$$rtentry$$00000002)
    __rt_entry_sh                            0x00000301   Thumb Code     0  rtentry4.o(.ARM.Collect$$rtentry$$00000004)
    __rt_entry_li                            0x00000307   Thumb Code     0  rtentry2.o(.ARM.Collect$$rtentry$$0000000A)
    __rt_entry_postsh_1                      0x00000307   Thumb Code     0  rtentry2.o(.ARM.Collect$$rtentry$$00000009)
    __rt_entry_main                          0x0000030b   Thumb Code     0  rtentry2.o(.ARM.Collect$$rtentry$$0000000D)
    __rt_entry_postli_1                      0x0000030b   Thumb Code     0  rtentry2.o(.ARM.Collect$$rtentry$$0000000C)
    __rt_exit                                0x00000313   Thumb Code     0  rtexit.o(.ARM.Collect$$rtexit$$00000000)
    __rt_exit_ls                             0x00000315   Thumb Code     0  rtexit2.o(.ARM.Collect$$rtexit$$00000003)
    __rt_exit_prels_1                        0x00000315   Thumb Code     0  rtexit2.o(.ARM.Collect$$rtexit$$00000002)
    __rt_exit_exit                           0x00000319   Thumb Code     0  rtexit2.o(.ARM.Collect$$rtexit$$00000004)
    DisableInterrupts                        0x00000321   Thumb Code     0  startup.o(.text)
    EnableInterrupts                         0x00000325   Thumb Code     0  startup.o(.text)
    StartCritical                            0x00000329   Thumb Code     0  startup.o(.text)
    EndCritical                              0x00000331   Thumb Code     0  startup.o(.text)
    WaitForInterrupt                         0x00000337   Thumb Code     0  startup.o(.text)
    __user_initial_stackheap                 0x0000033b   Thumb Code     0  startup.o(.text)
    Random_Init                              0x00000351   Thumb Code     0  random.o(.text)
    Random32                                 0x0000035b   Thumb Code     2  random.o(.text)
    Random                                   0x0000036d   Thumb Code     2  random.o(.text)
    __use_two_region_memory                  0x00000391   Thumb Code     2  heapauxi.o(.text)
    __rt_heap_escrow$2region                 0x00000393   Thumb Code     2  heapauxi.o(.text)
    __rt_heap_expand$2region                 0x00000395   Thumb Code     2  heapauxi.o(.text)
    __user_setup_stackheap                   0x00000397   Thumb Code    74  sys_stackheap_outer.o(.text)
    exit                                     0x000003e1   Thumb Code    12  exit.o(.text)
    __user_libspace                          0x000003ed   Thumb Code     8  libspace.o(.text)
    __user_perproc_libspace                  0x000003ed   Thumb Code     0  libspace.o(.text)
    __user_perthread_libspace                0x000003ed   Thumb Code     0  libspace.o(.text)
    _sys_exit                                0x000003f5   Thumb Code     8  sys_exit.o(.text)
    __I$use$semihosting                      0x00000401   Thumb Code     0  use_no_semi.o(.text)
    __use_no_semihosting_swi                 0x00000401   Thumb Code     2  use_no_semi.o(.text)
    __semihosting_library_function           0x00000403   Thumb Code     0  indicate_semi.o(.text)
    ADC0_In                                  0x00000405   Thumb Code    46  adc.o(i.ADC0_In)
    ADC0_Init                                0x0000043d   Thumb Code   246  adc.o(i.ADC0_Init)
    ADC1_In                                  0x00000561   Thumb Code     6  texas.o(i.ADC1_In)
    ADC1_Init                                0x0000056d   Thumb Code   174  texas.o(i.ADC1_Init)
    Bunker_Init                              0x00000641   Thumb Code    88  animation.o(i.Bunker_Init)
    DAC_Explosion                            0x000006b5   Thumb Code    38  dac.o(i.DAC_Explosion)
    DAC_Init                                 0x000006e5   Thumb Code   116  dac.o(i.DAC_Init)
    DAC_Out                                  0x00000775   Thumb Code     6  dac.o(i.DAC_Out)
    DAC_Shoot                                0x00000781   Thumb Code    38  dac.o(i.DAC_Shoot)
    Delay                                    0x000007b1   Thumb Code    22  tick.o(i.Delay)
    Enemy_Init                               0x000007c9   Thumb Code   164  animation.o(i.Enemy_Init)
    Laser_Init                               0x00000881   Thumb Code    28  animation.o(i.Laser_Init)
    Missile_Init                             0x000008a1   Thumb Code    28  animation.o(i.Missile_Init)
    Missiles_And_Lasers                      0x000008c1   Thumb Code   640  animation.o(i.Missiles_And_Lasers)
    NoEnemy                                  0x00000b6d   Thumb Code    40  main.o(i.NoEnemy)
    Nokia5110_Clear                          0x00000b9d   Thumb Code    32  nokia5110.o(i.Nokia5110_Clear)
    Nokia5110_ClearBuffer                    0x00000bbd   Thumb Code    20  nokia5110.o(i.Nokia5110_ClearBuffer)
    Nokia5110_DisplayBuffer                  0x00000bd5   Thumb Code    10  nokia5110.o(i.Nokia5110_DisplayBuffer)
    Nokia5110_DrawFullImage                  0x00000be5   Thumb Code    34  nokia5110.o(i.Nokia5110_DrawFullImage)
    Nokia5110_Init                           0x00000c09   Thumb Code   316  nokia5110.o(i.Nokia5110_Init)
    Nokia5110_OutChar                        0x00000d75   Thumb Code    52  nokia5110.o(i.Nokia5110_OutChar)
    Nokia5110_OutString                      0x00000dad   Thumb Code    22  nokia5110.o(i.Nokia5110_OutString)
    Nokia5110_OutUDec                        0x00000dc5   Thumb Code   394  nokia5110.o(i.Nokia5110_OutUDec)
    Nokia5110_PrintBMP                       0x00000f61   Thumb Code   420  nokia5110.o(i.Nokia5110_PrintBMP)
    Nokia5110_SetCursor                      0x00001109   Thumb Code    48  nokia5110.o(i.Nokia5110_SetCursor)
    PLL_Init                                 0x00001139   Thumb Code   118  texas.o(i.PLL_Init)
    SetCode                                  0x000011b5   Thumb Code    20  texas.o(i.SetCode)
    SetCourse                                0x000011cd   Thumb Code    20  texas.o(i.SetCourse)
    Ship_Init                                0x000011e5   Thumb Code    82  animation.o(i.Ship_Init)
    SysTick_Handler                          0x00001251   Thumb Code   398  main.o(i.SysTick_Handler)
    SysTick_Init                             0x00001435   Thumb Code    42  tick.o(i.SysTick_Init)
    TExaS_Init                               0x00001469   Thumb Code   324  texas.o(i.TExaS_Init)
    Timer2A_Handler                          0x0000162d   Thumb Code    34  main.o(i.Timer2A_Handler)
    Timer2_Init                              0x0000165d   Thumb Code    82  tick.o(i.Timer2_Init)
    Timer4A_Handler                          0x000016c1   Thumb Code    20  texas.o(i.Timer4A_Handler)
    Timer5A_Handler                          0x000016e1   Thumb Code    34  texas.o(i.Timer5A_Handler)
    UART0_Init                               0x00001711   Thumb Code   160  texas.o(i.UART0_Init)
    main                                     0x0000181d   Thumb Code   188  main.o(i.main)
    NoInputMsg                               0x00001aec   Data          40  texas.o(.constdata)
    OutputPortMsg0                           0x00001b14   Data          40  texas.o(.constdata)
    OutputPortMsg1                           0x00001b3c   Data          40  texas.o(.constdata)
    OutputPortMsg2                           0x00001b64   Data          40  texas.o(.constdata)
    OutputPortMsg3                           0x00001b8c   Data          40  texas.o(.constdata)
    BlankMsg                                 0x00001bb4   Data          40  texas.o(.constdata)
    InitializedMsg                           0x00001bdc   Data          40  texas.o(.constdata)
    IntroMsg                                 0x00001c04   Data          40  texas.o(.constdata)
    DoneMsg                                  0x00001c2c   Data          40  texas.o(.constdata)
    ENEMYNUMBER                              0x00001e34   Data           1  animation.o(.constdata)
    shoot                                    0x00001e35   Data        4080  dac.o(.constdata)
    invaderkilled                            0x00002e25   Data        3377  dac.o(.constdata)
    explosion                                0x00003b56   Data        2000  dac.o(.constdata)
    fastinvader1                             0x00004326   Data         982  dac.o(.constdata)
    fastinvader2                             0x000046fc   Data        1042  dac.o(.constdata)
    fastinvader3                             0x00004b0e   Data        1054  dac.o(.constdata)
    fastinvader4                             0x00004f2c   Data        1098  dac.o(.constdata)
    highpitch                                0x00005376   Data        1802  dac.o(.constdata)
    smallexplosion                           0x00005a80   Data        1500  dac.o(.constdata)
    SmallEnemy30PointA                       0x0000605c   Data         199  images.o(.constdata)
    SmallEnemy30PointB                       0x00006123   Data         199  images.o(.constdata)
    SmallEnemy20PointA                       0x000061ea   Data         199  images.o(.constdata)
    SmallEnemy20PointB                       0x000062b1   Data         199  images.o(.constdata)
    SmallEnemy10PointA                       0x00006378   Data         199  images.o(.constdata)
    SmallEnemy10PointB                       0x0000643f   Data         199  images.o(.constdata)
    PlayerShip0                              0x00006506   Data         215  images.o(.constdata)
    PlayerShip1                              0x000065dd   Data         215  images.o(.constdata)
    PlayerShip2                              0x000066b4   Data         215  images.o(.constdata)
    PlayerShip3                              0x0000678b   Data         215  images.o(.constdata)
    SmallEnemyBonus0                         0x00006862   Data         203  images.o(.constdata)
    Bunker0                                  0x0000692d   Data         179  images.o(.constdata)
    Bunker1                                  0x000069e0   Data         179  images.o(.constdata)
    Bunker2                                  0x00006a93   Data         179  images.o(.constdata)
    Bunker3                                  0x00006b46   Data         179  images.o(.constdata)
    BigExplosion0                            0x00006bf9   Data         215  images.o(.constdata)
    BigExplosion1                            0x00006cd0   Data         215  images.o(.constdata)
    SmallExplosion0                          0x00006da7   Data         199  images.o(.constdata)
    SmallExplosion1                          0x00006e6e   Data         199  images.o(.constdata)
    Missile0                                 0x00006f35   Data         155  images.o(.constdata)
    Missile1                                 0x00006fd0   Data         155  images.o(.constdata)
    Missile2                                 0x0000706b   Data         155  images.o(.constdata)
    Laser0                                   0x00007106   Data         155  images.o(.constdata)
    Laser1                                   0x000071a1   Data         155  images.o(.constdata)
    Region$$Table$$Base                      0x0000723c   Number         0  anon$$obj.o(Region$$Table)
    Region$$Table$$Limit                     0x0000725c   Number         0  anon$$obj.o(Region$$Table)
    TExaS_Period                             0x20000000   Data           4  texas.o(.data)
    TExaS_Ports                              0x20000004   Data           8  texas.o(.data)
    Display                                  0x2000000c   Data           1  texas.o(.data)
    TExaS_Meter                              0x20000010   Data           4  texas.o(.data)
    ADCnum                                   0x20000014   Data           4  texas.o(.data)
    LastMode                                 0x20000018   Data           4  texas.o(.data)
    bFlag                                    0x2000001c   Data           4  texas.o(.data)
    Count                                    0x20000020   Data           4  texas.o(.data)
    DelayBetweenTests                        0x20000024   Data           4  texas.o(.data)
    TExaS_Test                               0x20000028   Data           4  texas.o(.data)
    ScopeMode                                0x2000002c   Data           4  texas.o(.data)
    ScopeCount                               0x20000030   Data           4  texas.o(.data)
    EnemyFrameA                              0x20000034   Data          12  animation.o(.data)
    EnemyFrameB                              0x20000040   Data          12  animation.o(.data)
    MissileStyle                             0x2000004c   Data           8  animation.o(.data)
    ShipFrame                                0x20000054   Data           1  animation.o(.data)
    BunkerFrame                              0x20000055   Data           1  animation.o(.data)
    EnemyFrame                               0x20000056   Data           1  animation.o(.data)
    DACIndex                                 0x20000058   Data           2  dac.o(.data)
    score                                    0x2000005a   Data           2  main.o(.data)
    ADCData                                  0x2000005c   Data           2  main.o(.data)
    OldShipX                                 0x2000005e   Data           1  main.o(.data)
    MissileX                                 0x2000005f   Data           1  main.o(.data)
    MissileY                                 0x20000060   Data           1  main.o(.data)
    LaserX                                   0x20000061   Data           1  main.o(.data)
    LaserY                                   0x20000062   Data           1  main.o(.data)
    EnemyFireChance                          0x20000063   Data           1  main.o(.data)
    EnemyIndex                               0x20000064   Data           1  main.o(.data)
    Screen                                   0x2000006c   Data         504  nokia5110.o(.bss)
    TExaS                                    0x20000268   Data          56  texas.o(.bss)
    Bunker                                   0x200002a0   Data          24  main.o(.bss)
    Ship                                     0x200002b8   Data          24  main.o(.bss)
    Missile                                  0x200002d0   Data         168  main.o(.bss)
    Enemy                                    0x20000378   Data         120  main.o(.bss)
    Laser                                    0x200003f0   Data         168  main.o(.bss)
    __libspace_start                         0x20000498   Data          96  libspace.o(.bss)
    __temporary_stack_top$libspace           0x200004f8   Data           0  libspace.o(.bss)



==============================================================================

Memory Map of the image

  Image Entry point : 0x0000026d

  Load Region LR_1 (Base: 0x00000000, Size: 0x000072c8, Max: 0xffffffff, ABSOLUTE)

    Execution Region ER_RO (Base: 0x00000000, Size: 0x0000725c, Max: 0xffffffff, ABSOLUTE)

    Base Addr    Size         Type   Attr      Idx    E Section Name        Object

    0x00000000   0x00000284   Code   RO            3  * RESET               startup.o
    0x00000284   0x00000008   Code   RO          446  * !!!main             c_w.l(__main.o)
    0x0000028c   0x00000034   Code   RO          600    !!!scatter          c_w.l(__scatter.o)
    0x000002c0   0x0000001a   Code   RO          602    !!handler_copy      c_w.l(__scatter_copy.o)
    0x000002da   0x00000002   PAD
    0x000002dc   0x0000001c   Code   RO          604    !!handler_zi        c_w.l(__scatter_zi.o)
    0x000002f8   0x00000002   Code   RO          473    .ARM.Collect$$libinit$$00000000  c_w.l(libinit.o)
    0x000002fa   0x00000000   Code   RO          480    .ARM.Collect$$libinit$$00000002  c_w.l(libinit2.o)
    0x000002fa   0x00000000   Code   RO          483    .ARM.Collect$$libinit$$00000008  c_w.l(libinit2.o)
    0x000002fa   0x00000000   Code   RO          485    .ARM.Collect$$libinit$$0000000A  c_w.l(libinit2.o)
    0x000002fa   0x00000000   Code   RO          487    .ARM.Collect$$libinit$$0000000C  c_w.l(libinit2.o)
    0x000002fa   0x00000000   Code   RO          490    .ARM.Collect$$libinit$$0000000F  c_w.l(libinit2.o)
    0x000002fa   0x00000000   Code   RO          492    .ARM.Collect$$libinit$$00000011  c_w.l(libinit2.o)
    0x000002fa   0x00000000   Code   RO          494    .ARM.Collect$$libinit$$00000013  c_w.l(libinit2.o)
    0x000002fa   0x00000000   Code   RO          496    .ARM.Collect$$libinit$$00000015  c_w.l(libinit2.o)
    0x000002fa   0x00000000   Code   RO          498    .ARM.Collect$$libinit$$00000017  c_w.l(libinit2.o)
    0x000002fa   0x00000000   Code   RO          500    .ARM.Collect$$libinit$$00000019  c_w.l(libinit2.o)
    0x000002fa   0x00000000   Code   RO          502    .ARM.Collect$$libinit$$0000001B  c_w.l(libinit2.o)
    0x000002fa   0x00000000   Code   RO          504    .ARM.Collect$$libinit$$0000001D  c_w.l(libinit2.o)
    0x000002fa   0x00000000   Code   RO          506    .ARM.Collect$$libinit$$0000001F  c_w.l(libinit2.o)
    0x000002fa   0x00000000   Code   RO          508    .ARM.Collect$$libinit$$00000021  c_w.l(libinit2.o)
    0x000002fa   0x00000000   Code   RO          510    .ARM.Collect$$libinit$$00000023  c_w.l(libinit2.o)
    0x000002fa   0x00000000   Code   RO          514    .ARM.Collect$$libinit$$0000002A  c_w.l(libinit2.o)
    0x000002fa   0x00000000   Code   RO          516    .ARM.Collect$$libinit$$0000002C  c_w.l(libinit2.o)
    0x000002fa   0x00000000   Code   RO          518    .ARM.Collect$$libinit$$0000002E  c_w.l(libinit2.o)
    0x000002fa   0x00000000   Code   RO          520    .ARM.Collect$$libinit$$00000030  c_w.l(libinit2.o)
    0x000002fa   0x00000002   Code   RO          521    .ARM.Collect$$libinit$$00000031  c_w.l(libinit2.o)
    0x000002fc   0x00000002   Code   RO          541    .ARM.Collect$$libshutdown$$00000000  c_w.l(libshutdown.o)
    0x000002fe   0x00000000   Code   RO          555    .ARM.Collect$$libshutdown$$00000003  c_w.l(libshutdown2.o)
    0x000002fe   0x00000000   Code   RO          558    .ARM.Collect$$libshutdown$$00000006  c_w.l(libshutdown2.o)
    0x000002fe   0x00000000   Code   RO          561    .ARM.Collect$$libshutdown$$00000009  c_w.l(libshutdown2.o)
    0x000002fe   0x00000000   Code   RO          563    .ARM.Collect$$libshutdown$$0000000B  c_w.l(libshutdown2.o)
    0x000002fe   0x00000000   Code   RO          566    .ARM.Collect$$libshutdown$$0000000E  c_w.l(libshutdown2.o)
    0x000002fe   0x00000002   Code   RO          567    .ARM.Collect$$libshutdown$$0000000F  c_w.l(libshutdown2.o)
    0x00000300   0x00000000   Code   RO          448    .ARM.Collect$$rtentry$$00000000  c_w.l(rtentry.o)
    0x00000300   0x00000000   Code   RO          450    .ARM.Collect$$rtentry$$00000002  c_w.l(rtentry2.o)
    0x00000300   0x00000006   Code   RO          462    .ARM.Collect$$rtentry$$00000004  c_w.l(rtentry4.o)
    0x00000306   0x00000000   Code   RO          452    .ARM.Collect$$rtentry$$00000009  c_w.l(rtentry2.o)
    0x00000306   0x00000004   Code   RO          453    .ARM.Collect$$rtentry$$0000000A  c_w.l(rtentry2.o)
    0x0000030a   0x00000000   Code   RO          455    .ARM.Collect$$rtentry$$0000000C  c_w.l(rtentry2.o)
    0x0000030a   0x00000008   Code   RO          456    .ARM.Collect$$rtentry$$0000000D  c_w.l(rtentry2.o)
    0x00000312   0x00000002   Code   RO          477    .ARM.Collect$$rtexit$$00000000  c_w.l(rtexit.o)
    0x00000314   0x00000000   Code   RO          523    .ARM.Collect$$rtexit$$00000002  c_w.l(rtexit2.o)
    0x00000314   0x00000004   Code   RO          524    .ARM.Collect$$rtexit$$00000003  c_w.l(rtexit2.o)
    0x00000318   0x00000006   Code   RO          525    .ARM.Collect$$rtexit$$00000004  c_w.l(rtexit2.o)
    0x0000031e   0x00000002   PAD
    0x00000320   0x00000030   Code   RO            4    .text               startup.o
    0x00000350   0x00000040   Code   RO           92    .text               random.o
    0x00000390   0x00000006   Code   RO          444    .text               c_w.l(heapauxi.o)
    0x00000396   0x0000004a   Code   RO          464    .text               c_w.l(sys_stackheap_outer.o)
    0x000003e0   0x0000000c   Code   RO          466    .text               c_w.l(exit.o)
    0x000003ec   0x00000008   Code   RO          474    .text               c_w.l(libspace.o)
    0x000003f4   0x0000000c   Code   RO          533    .text               c_w.l(sys_exit.o)
    0x00000400   0x00000002   Code   RO          544    .text               c_w.l(use_no_semi.o)
    0x00000402   0x00000000   Code   RO          546    .text               c_w.l(indicate_semi.o)
    0x00000402   0x00000002   PAD
    0x00000404   0x00000038   Code   RO          215    i.ADC0_In           adc.o
    0x0000043c   0x00000124   Code   RO          216    i.ADC0_Init         adc.o
    0x00000560   0x0000000c   Code   RO           95    i.ADC1_In           texas.o
    0x0000056c   0x000000d4   Code   RO           96    i.ADC1_Init         texas.o
    0x00000640   0x00000074   Code   RO          236    i.Bunker_Init       animation.o
    0x000006b4   0x00000030   Code   RO          289    i.DAC_Explosion     dac.o
    0x000006e4   0x00000090   Code   RO          295    i.DAC_Init          dac.o
    0x00000774   0x0000000c   Code   RO          297    i.DAC_Out           dac.o
    0x00000780   0x00000030   Code   RO          298    i.DAC_Shoot         dac.o
    0x000007b0   0x00000016   Code   RO          380    i.Delay             tick.o
    0x000007c6   0x00000002   PAD
    0x000007c8   0x000000b8   Code   RO          237    i.Enemy_Init        animation.o
    0x00000880   0x00000020   Code   RO          238    i.Laser_Init        animation.o
    0x000008a0   0x00000020   Code   RO          239    i.Missile_Init      animation.o
    0x000008c0   0x000002ac   Code   RO          240    i.Missiles_And_Lasers  animation.o
    0x00000b6c   0x00000030   Code   RO          404    i.NoEnemy           main.o
    0x00000b9c   0x00000020   Code   RO           12    i.Nokia5110_Clear   nokia5110.o
    0x00000bbc   0x00000018   Code   RO           13    i.Nokia5110_ClearBuffer  nokia5110.o
    0x00000bd4   0x00000010   Code   RO           14    i.Nokia5110_DisplayBuffer  nokia5110.o
    0x00000be4   0x00000022   Code   RO           15    i.Nokia5110_DrawFullImage  nokia5110.o
    0x00000c06   0x00000002   PAD
    0x00000c08   0x0000016c   Code   RO           16    i.Nokia5110_Init    nokia5110.o
    0x00000d74   0x00000038   Code   RO           17    i.Nokia5110_OutChar  nokia5110.o
    0x00000dac   0x00000016   Code   RO           18    i.Nokia5110_OutString  nokia5110.o
    0x00000dc2   0x00000002   PAD
    0x00000dc4   0x0000019c   Code   RO           19    i.Nokia5110_OutUDec  nokia5110.o
    0x00000f60   0x000001a8   Code   RO           20    i.Nokia5110_PrintBMP  nokia5110.o
    0x00001108   0x00000030   Code   RO           21    i.Nokia5110_SetCursor  nokia5110.o
    0x00001138   0x0000007c   Code   RO           97    i.PLL_Init          texas.o
    0x000011b4   0x00000018   Code   RO           98    i.SetCode           texas.o
    0x000011cc   0x00000018   Code   RO           99    i.SetCourse         texas.o
    0x000011e4   0x0000006c   Code   RO          241    i.Ship_Init         animation.o
    0x00001250   0x000001e4   Code   RO          405    i.SysTick_Handler   main.o
    0x00001434   0x00000034   Code   RO          381    i.SysTick_Init      tick.o
    0x00001468   0x000001c4   Code   RO          103    i.TExaS_Init        texas.o
    0x0000162c   0x00000030   Code   RO          406    i.Timer2A_Handler   main.o
    0x0000165c   0x00000064   Code   RO          382    i.Timer2_Init       tick.o
    0x000016c0   0x00000020   Code   RO          105    i.Timer4A_Handler   texas.o
    0x000016e0   0x00000030   Code   RO          106    i.Timer5A_Handler   texas.o
    0x00001710   0x000000c0   Code   RO          109    i.UART0_Init        texas.o
    0x000017d0   0x0000004c   Code   RO           22    i.lcdwrite          nokia5110.o
    0x0000181c   0x000000f0   Code   RO          407    i.main              main.o
    0x0000190c   0x000001e0   Data   RO           24    .constdata          nokia5110.o
    0x00001aec   0x00000168   Data   RO          114    .constdata          texas.o
    0x00001c54   0x000001e1   Data   RO          242    .constdata          animation.o
    0x00001e35   0x00004227   Data   RO          300    .constdata          dac.o
    0x0000605c   0x000011e0   Data   RO          368    .constdata          images.o
    0x0000723c   0x00000020   Data   RO          598    Region$$Table       anon$$obj.o


    Execution Region ER_RW (Base: 0x20000000, Size: 0x0000006c, Max: 0xffffffff, ABSOLUTE)

    Base Addr    Size         Type   Attr      Idx    E Section Name        Object

    0x20000000   0x00000034   Data   RW          115    .data               texas.o
    0x20000034   0x00000023   Data   RW          243    .data               animation.o
    0x20000057   0x00000001   PAD
    0x20000058   0x00000002   Data   RW          301    .data               dac.o
    0x2000005a   0x0000000b   Data   RW          410    .data               main.o
    0x20000065   0x00000003   PAD
    0x20000068   0x00000004   Data   RW           91    DATA                random.o


    Execution Region ER_ZI (Base: 0x2000006c, Size: 0x0000088c, Max: 0xffffffff, ABSOLUTE)

    Base Addr    Size         Type   Attr      Idx    E Section Name        Object

    0x2000006c   0x000001f8   Zero   RW           23    .bss                nokia5110.o
    0x20000264   0x00000004   PAD
    0x20000268   0x00000038   Zero   RW          113    .bss                texas.o
    0x200002a0   0x000001f8   Zero   RW          408    .bss                main.o
    0x20000498   0x00000060   Zero   RW          475    .bss                c_w.l(libspace.o)
    0x200004f8   0x00000000   Zero   RW            2    HEAP                startup.o
    0x200004f8   0x00000400   Zero   RW            1    STACK               startup.o


==============================================================================

Image component sizes


      Code (inc. data)   RO Data    RW Data    ZI Data      Debug   Object Name

       348         56          0          0          0        850   adc.o
      1156        126        481         35          0       3469   animation.o
       252         54      16935          2          0       2359   dac.o
         0          0       4576          0          0       1562   images.o
       820        160          0         11        504       3217   main.o
      1508         94        480          0        504       9105   nokia5110.o
        64         14          0          4          0        184   random.o
       692        632          0          0       1024        868   startup.o
      1120        244        360         52         56      15636   texas.o
       174         28          0          0          0       1165   tick.o

    ----------------------------------------------------------------------
      6140       1408      22864        108       2092      38415   Object Totals
         0          0         32          0          0          0   (incl. Generated)
         6          0          0          4          4          0   (incl. Padding)

    ----------------------------------------------------------------------

      Code (inc. data)   RO Data    RW Data    ZI Data      Debug   Library Member Name

         8          0          0          0          0         68   __main.o
        52          8          0          0          0          0   __scatter.o
        26          0          0          0          0          0   __scatter_copy.o
        28          0          0          0          0          0   __scatter_zi.o
        12          0          0          0          0         72   exit.o
         6          0          0          0          0        152   heapauxi.o
         0          0          0          0          0          0   indicate_semi.o
         2          0          0          0          0          0   libinit.o
         2          0          0          0          0          0   libinit2.o
         2          0          0          0          0          0   libshutdown.o
         2          0          0          0          0          0   libshutdown2.o
         8          4          0          0         96         68   libspace.o
         0          0          0          0          0          0   rtentry.o
        12          0          0          0          0          0   rtentry2.o
         6          0          0          0          0          0   rtentry4.o
         2          0          0          0          0          0   rtexit.o
        10          0          0          0          0          0   rtexit2.o
        12          4          0          0          0         68   sys_exit.o
        74          0          0          0          0         80   sys_stackheap_outer.o
         2          0          0          0          0         68   use_no_semi.o

    ----------------------------------------------------------------------
       272         16          0          0         96        576   Library Totals
         6          0          0          0          0          0   (incl. Padding)

    ----------------------------------------------------------------------

      Code (inc. data)   RO Data    RW Data    ZI Data      Debug   Library Name

       266         16          0          0         96        576   c_w.l

    ----------------------------------------------------------------------
       272         16          0          0         96        576   Library Totals

    ----------------------------------------------------------------------

==============================================================================


      Code (inc. data)   RO Data    RW Data    ZI Data      Debug   

      6412       1424      22864        108       2188      36859   Grand Totals
      6412       1424      22864        108       2188      36859   ELF Image Totals
      6412       1424      22864        108          0          0   ROM Totals

==============================================================================

    Total RO  Size (Code + RO Data)                29276 (  28.59kB)
    Total RW  Size (RW Data + ZI Data)              2296 (   2.24kB)
    Total ROM Size (Code + RO Data + RW Data)      29384 (  28.70kB)

==============================================================================

